0.000,0.001,0.000,HISTFAAAAB542pNpmSzMwMDAzAABMJoRSjPZf4AwRJlYAEJSApo=
0.001,0.001,0.000,HISTFAAAAB142pNpmSzMwMDAxAABzFCaEUoz2X+AslgAP20Cgg==
0.002,0.001,0.000,HISTFAAAAB142pNpmSzMwMDAxAABzFCaEUoz2X+AslgAP20Cgg==
0.003,0.001,0.000,HISTFAAAABx42pNpmSzMwMDAyAABzFAaxmey/wBlAQA8yQJ9
