0.000,0.001,1.401,HISTFAAAADR42pNpmSzMwMAgxgABzFCaEUzK//9v/wEqwsTL9JCRRZNlIxvTbUaW1mmMTO9FmADoYgmN
