0.000,0.001,0.001,HISTFAAAACR42pNpmSzMwMDAwQABzFCaEUoz2X+ASjC9Z2Tr5GACAFbdBBI=
