0.000,0.001,0.091,HISTFAAAACp42pNpmSzMwMDAwwABzFCaEUL+/2//ASLwlZHpOiNTtzDTzngmAJ6tCBE=
